Microchip MPLAB XC8 Compiler V2.41

Linker command line:

-W-3 \
  --edf=C:/Program Files/Microchip/MPLABX/v6.10/packs/Microchip/PIC16Fxxx_DFP/1.4.149/xc8\pic\dat\20230322214319_en.msgs \
  -cn -h+dist/default/production\TempSensorLM-35_ADC.X.production.sym \
  --cmf=dist/default/production\TempSensorLM-35_ADC.X.production.cmf -z \
  -Q16F877A -oC:\Users\mfgho\AppData\Local\Temp\xcAs51s.\driver_tmp_3.o \
  --defsym=__MPLAB_BUILD=1 --fixupoverflow=error \
  -Mdist/default/production/TempSensorLM-35_ADC.X.production.map \
  --md=C:\Users\mfgho\AppData\Local\Temp\xcAs51s.\driver_tmp_0.dat -E1 \
  -ver=XC8 Compiler --acfsm=1493 -ACODE=00h-07FFhx4 -ASTRCODE=00h-01FFFh \
  -ASTRING=00h-0FFhx32 -ACONST=00h-0FFhx32 -AENTRY=00h-0FFhx32 \
  -ACOMMON=070h-07Fh -ABANK0=020h-06Fh -ABANK1=0A0h-0EFh \
  -ABANK2=0110h-016Fh -ABANK3=0190h-01EFh \
  -ARAM=020h-06Fh,0A0h-0EFh,0110h-016Fh,0190h-01EFh \
  -AABS1=020h-07Fh,0A0h-0EFh,0110h-016Fh,0190h-01EFh -ASFR0=00h-01Fh \
  -ASFR1=080h-09Fh -ASFR2=0100h-010Fh -ASFR3=0180h-018Fh \
  -ACONFIG=02007h-02007h -DCONFIG=2 -AIDLOC=02000h-02003h -DIDLOC=2 \
  -AEEDATA=00h-0FFh/02100h -peeprom_data=EEDATA -DEEDATA=2 -DCODE=2 \
  -DSTRCODE=2 -DSTRING=2 -DCONST=2 -DENTRY=2 \
  -preset_vec=00h,intentry,init,end_init -ppowerup=CODE -pcinit=CODE \
  -pfunctab=ENTRY -k \
  C:\Users\mfgho\AppData\Local\Temp\xcAs51s.\driver_tmp_17.o \
  dist/default/production\TempSensorLM-35_ADC.X.production.o 

Object code version is 3.11

Machine type is 16F877A



                Name                               Link     Load   Length Selector   Space Scale
C:\Users\mfgho\AppData\Local\Temp\xcAs51s.\driver_tmp_17.o
                end_init                              0        0        3        0       0
                config                             2007     2007        1        0       4
dist/default/production\TempSensorLM-35_ADC.X.production.o
                cinit                               7F3      7F3        D      FE6       0
                config                             2007     2007        1        0       4
                text28                             1CCE     1CCE        9     399C       0
                text27                             1D79     1D79       30     3AF2       0
                text26                             1CEE     1CEE        F     39DC       0
                text25                             1CE2     1CE2        C     39C4       0
                text24                             1D0F     1D0F       21     3A1E       0
                text23                             11C8     11C8      1D5     2390       0
                text22                             1E27     1E27       4E     3C4E       0
                text21                              803      803       A2     1006       0
                text20                             1CD7     1CD7        B     39AE       0
                text19                             15A8     15A8      258     2B50       0
                text18                             1D30     1D30       24     3A60       0
                text17                             1F88     1F88       78     3F10       0
                text16                             1F22     1F22       66     3E44       0
                text15                             1E75     1E75       54     3CEA       0
                text14                             1D54     1D54       25     3AA8       0
                text13                               2F       2F       B8       5E       0
                text12                               E7       E7       B8      1CE       0
                text11                              8A5      8A5       B7     114A       0
                text10                                8        8       27       10       0
                text9                               95C      95C      345     12B8       0
                text8                              1DE3     1DE3       44     3BC6       0
                text7                              1DA9     1DA9       3A     3B52       0
                text6                              139D     139D      20B     273A       0
                text5                              1CFD     1CFD       12     39FA       0
                text4                              10B7     10B7       67     216E       0
                text3                              1EC9     1EC9       59     3D92       0
                text2                               CA1      CA1      35F     1942       0
                text1                               19F      19F      654      33E       0
                maintext                           111E     111E       AA     223C       0
                cstackBANK0                          20       20       4F       20       1
                cstackCOMMON                         70       70        E       70       1
                cstackBANK1                          A0       A0       20       A0       1
                clrtext                            1CC6     1CC6        8     398C       0
                bssBANK3                            190      190       32      190       1
                nvBANK1                              C0       C0        A       A0       1
                strings                            1000     1000       B3     2000       0

TOTAL           Name                               Link     Load   Length     Space
        CLASS   CODE           
                end_init                              0        0        3         0
                cinit                               7F3      7F3        D         0
                text28                             1CCE     1CCE        9         0
                text27                             1D79     1D79       30         0
                text26                             1CEE     1CEE        F         0
                text25                             1CE2     1CE2        C         0
                text24                             1D0F     1D0F       21         0
                text23                             11C8     11C8      1D5         0
                text22                             1E27     1E27       4E         0
                text21                              803      803       A2         0
                text20                             1CD7     1CD7        B         0
                text19                             15A8     15A8      258         0
                text18                             1D30     1D30       24         0
                text17                             1F88     1F88       78         0
                text16                             1F22     1F22       66         0
                text15                             1E75     1E75       54         0
                text14                             1D54     1D54       25         0
                text13                               2F       2F       B8         0
                text12                               E7       E7       B8         0
                text11                              8A5      8A5       B7         0
                text10                                8        8       27         0
                text9                               95C      95C      345         0
                text8                              1DE3     1DE3       44         0
                text7                              1DA9     1DA9       3A         0
                text6                              139D     139D      20B         0
                text5                              1CFD     1CFD       12         0
                text4                              10B7     10B7       67         0
                text3                              1EC9     1EC9       59         0
                text2                               CA1      CA1      35F         0
                text1                               19F      19F      654         0
                maintext                           111E     111E       AA         0
                clrtext                            1CC6     1CC6        8         0

        CLASS   STRCODE        

        CLASS   STRING         
                strings                            1000     1000       B3         0

        CLASS   CONST          

        CLASS   ENTRY          

        CLASS   COMMON         
                cstackCOMMON                         70       70        E         1

        CLASS   BANK0          
                cstackBANK0                          20       20       4F         1

        CLASS   BANK1          
                cstackBANK1                          A0       A0       20         1
                nvBANK1                              C0       C0        A         1

        CLASS   BANK2          

        CLASS   BANK3          
                bssBANK3                            190      190       32         1

        CLASS   RAM            

        CLASS   ABS1           
                abs_s1                               7E       7E        2         1

        CLASS   SFR0           

        CLASS   SFR1           

        CLASS   SFR2           

        CLASS   SFR3           

        CLASS   CONFIG         
                config                             2007     2007        1         4

        CLASS   IDLOC          

        CLASS   EEDATA         

        CLASS   STACK          



SEGMENTS        Name                           Load    Length   Top    Selector   Space  Class     Delta

                reset_vec                      000000  000003  000003         0       0  CODE        2
                text10                         000008  000027  00002F        10       0  CODE        2
                cstackBANK0                    000020  00004F  00006F        20       1  BANK0       1
                text13                         00002F  0000B8  0000E7        5E       0  CODE        2
                cstackCOMMON                   000070  00000E  00007E        70       1  COMMON      1
                cstackBANK1                    0000A0  00002A  0000CA        A0       1  BANK1       1
                bssBANK3                       000190  000032  0001C2       190       1  BANK3       1
                text12                         0000E7  0000B8  00019F       1CE       0  CODE        2
                text1                          00019F  000654  0007F3       33E       0  CODE        2
                cinit                          0007F3  00000D  000800       FE6       0  CODE        2
                text21                         000803  0000A2  0008A5      1006       0  CODE        2
                text11                         0008A5  0000B7  00095C      114A       0  CODE        2
                text9                          00095C  000345  000CA1      12B8       0  CODE        2
                text2                          000CA1  00035F  001000      1942       0  CODE        2
                strings                        001000  0000B3  0010B3      2000       0  STRING      2
                text4                          0010B7  000067  00111E      216E       0  CODE        2
                maintext                       00111E  0000AA  0011C8      223C       0  CODE        2
                text23                         0011C8  0001D5  00139D      2390       0  CODE        2
                text6                          00139D  00020B  0015A8      273A       0  CODE        2
                text19                         0015A8  000258  001800      2B50       0  CODE        2
                clrtext                        001CC6  000008  001CCE      398C       0  CODE        2
                text28                         001CCE  000009  001CD7      399C       0  CODE        2
                text20                         001CD7  00000B  001CE2      39AE       0  CODE        2
                text25                         001CE2  00000C  001CEE      39C4       0  CODE        2
                text26                         001CEE  00000F  001CFD      39DC       0  CODE        2
                text5                          001CFD  000012  001D0F      39FA       0  CODE        2
                text24                         001D0F  000021  001D30      3A1E       0  CODE        2
                text18                         001D30  000024  001D54      3A60       0  CODE        2
                text14                         001D54  000025  001D79      3AA8       0  CODE        2
                text27                         001D79  000030  001DA9      3AF2       0  CODE        2
                text7                          001DA9  00003A  001DE3      3B52       0  CODE        2
                text8                          001DE3  000044  001E27      3BC6       0  CODE        2
                text22                         001E27  00004E  001E75      3C4E       0  CODE        2
                text15                         001E75  000054  001EC9      3CEA       0  CODE        2
                text3                          001EC9  000059  001F22      3D92       0  CODE        2
                text16                         001F22  000066  001F88      3E44       0  CODE        2
                text17                         001F88  000078  002000      3F10       0  CODE        2


UNUSED ADDRESS RANGES

        Name                Unused          Largest block    Delta
        BANK0            006F-006F              1           1
        BANK1            00CA-00EF             26           1
        BANK2            0110-016F             60           1
        BANK3            01C2-01EF             2E           1
        CODE             0003-0007              5           2
                         0800-0802              3
                         10B3-10B6              4
                         1800-1CC5            4C6
        CONST            0003-0007              5           2
                         0800-0802              3
                         10B3-10B6              4
                         1800-1CC5            100
        EEDATA           2100-21FF            100           2
        ENTRY            0003-0007              5           2
                         0800-0802              3
                         10B3-10B6              4
                         1800-1CC5            100
        IDLOC            2000-2003              4           2
        RAM              006F-006F              1           1
                         00CA-00EF             26
                         0110-016F             60
                         01C2-01EF             2E
        SFR0             0000-001F             20           1
        SFR1             0080-009F             20           1
        SFR2             0100-010F             10           1
        SFR3             0180-018F             10           1
        STRCODE          0003-0007              5           2
                         0800-0802              3
                         10B3-10B6              4
                         1800-1CC5            4C6
        STRING           0003-0007              5           2
                         0800-0802              3
                         10B3-10B6              4
                         1800-1CC5            100

                                  Symbol Table

?_ADC_Read                 cstackCOMMON 0070
?__Umul8_16                cstackCOMMON 0070
?___awdiv                  cstackCOMMON 0076
?___awmod                  cstackCOMMON 0070
?___fladd                  cstackBANK0  004E
?___fldiv                  cstackCOMMON 0070
?___flmul                  cstackBANK0  0020
?___flneg                  cstackCOMMON 0070
?___flsub                  cstackBANK0  0062
?___fltol                  cstackBANK0  004D
?___lldiv                  cstackCOMMON 0070
?___llmod                  cstackCOMMON 0070
?___lwdiv                  cstackCOMMON 0075
?___lwmod                  cstackCOMMON 0070
?___wmul                   cstackCOMMON 0070
?___xxtofl                 cstackCOMMON 0070
?__div_to_l_               cstackCOMMON 0070
?__tdiv_to_l_              cstackCOMMON 0070
?_fround                   cstackBANK0  003A
?_scale                    cstackBANK0  003A
?_sprintf                  cstackBANK0  006A
ADC_Read@ANC               cstackCOMMON 0073
UART_Write@data            cstackCOMMON 0070
UART_Write_String@i        cstackCOMMON 0072
UART_Write_String@text     cstackCOMMON 0074
_ADCON0                    (abs)        001F
_ADCON1                    (abs)        009F
_ADC_Init                  text28       1CCE
_ADC_Read                  text27       1D79
_ADRESH                    (abs)        001E
_ADRESL                    (abs)        009E
_ANORES                    nvBANK1      00C8
_BRGH                      (abs)        04C2
_GO_DONE                   (abs)        00FA
_SPBRG                     (abs)        0099
_SPEN                      (abs)        00C7
_SYNC                      (abs)        04C4
_TRISC6                    (abs)        043E
_TRISC7                    (abs)        043F
_TRMT                      (abs)        04C1
_TXEN                      (abs)        04C5
_TXREG                     (abs)        0019
_TempSTR                   bssBANK3     0190
_Temperature               nvBANK1      00C4
_UART_TX_Init              text26       1CEE
_UART_Write                text25       1CE2
_UART_Write_String         text24       1D0F
_Voltage                   nvBANK1      00C0
__H__absolute__            __absolute__ 0000
__Habs1                    abs1         0000
__Hbank0                   bank0        0000
__Hbank1                   bank1        0000
__Hbank2                   bank2        0000
__Hbank3                   bank3        0000
__HbssBANK3                bssBANK3     0000
__Hcinit                   cinit        0800
__Hclrtext                 clrtext      0000
__Hcode                    code         0000
__Hcommon                  common       0000
__Hconfig                  config       2008
__HcstackBANK0             cstackBANK0  0000
__HcstackBANK1             cstackBANK1  0000
__HcstackCOMMON            cstackCOMMON 0000
__Heeprom_data             eeprom_data  0000
__Hend_init                end_init     0003
__Hfunctab                 functab      0000
__Hinit                    init         0000
__Hintentry                intentry     0000
__Hmaintext                maintext     0000
__HnvBANK1                 nvBANK1      0000
__Hpowerup                 powerup      0000
__Hram                     ram          0000
__Hreset_vec               reset_vec    0000
__Hsfr0                    sfr0         0000
__Hsfr1                    sfr1         0000
__Hsfr2                    sfr2         0000
__Hsfr3                    sfr3         0000
__Hspace_0                 (abs)        2000
__Hspace_1                 (abs)        01C2
__Hspace_2                 (abs)        0000
__Hspace_3                 (abs)        0000
__Hspace_4                 (abs)        400F
__Hstack                   stack        0000
__Hstrings                 strings      0000
__Htext                    text         0000
__L__absolute__            __absolute__ 0000
__Labs1                    abs1         0000
__Lbank0                   bank0        0000
__Lbank1                   bank1        0000
__Lbank2                   bank2        0000
__Lbank3                   bank3        0000
__LbssBANK3                bssBANK3     0000
__Lcinit                   cinit        07F3
__Lclrtext                 clrtext      0000
__Lcode                    code         0000
__Lcommon                  common       0000
__Lconfig                  config       0000
__LcstackBANK0             cstackBANK0  0000
__LcstackBANK1             cstackBANK1  0000
__LcstackCOMMON            cstackCOMMON 0000
__Leeprom_data             eeprom_data  0000
__Lend_init                end_init     0000
__Lfunctab                 functab      0000
__Linit                    init         0000
__Lintentry                intentry     0000
__Lmaintext                maintext     0000
__LnvBANK1                 nvBANK1      0000
__Lpowerup                 powerup      0000
__Lram                     ram          0000
__Lreset_vec               reset_vec    0000
__Lsfr0                    sfr0         0000
__Lsfr1                    sfr1         0000
__Lsfr2                    sfr2         0000
__Lsfr3                    sfr3         0000
__Lspace_0                 (abs)        0000
__Lspace_1                 (abs)        0000
__Lspace_2                 (abs)        0000
__Lspace_3                 (abs)        0000
__Lspace_4                 (abs)        0000
__Lstack                   stack        0000
__Lstrings                 strings      0000
__Ltext                    text         0000
__S0                       (abs)        2000
__S1                       (abs)        01C2
__S3                       (abs)        0000
__Umul8_16                 text10       0008
__Umul8_16@multiplicand    cstackCOMMON 0070
__Umul8_16@multiplier      cstackCOMMON 0078
__Umul8_16@product         cstackCOMMON 0074
__Umul8_16@word_mpld       cstackCOMMON 0076
___awdiv                   text4        10B7
___awdiv@counter           cstackCOMMON 007A
___awdiv@dividend          cstackCOMMON 0078
___awdiv@divisor           cstackCOMMON 0076
___awdiv@quotient          cstackCOMMON 007C
___awdiv@sign              cstackCOMMON 007B
___awmod                   text3        1EC9
___awmod@counter           cstackCOMMON 0074
___awmod@dividend          cstackCOMMON 0072
___awmod@divisor           cstackCOMMON 0070
___awmod@sign              cstackCOMMON 0075
___fladd                   text19       15A8
___fladd@a                 cstackBANK0  0052
___fladd@aexp              cstackBANK0  005F
___fladd@b                 cstackBANK0  004E
___fladd@bexp              cstackBANK0  0060
___fladd@grs               cstackBANK0  0061
___fladd@signs             cstackBANK0  005E
___fldiv                   text23       11C8
___fldiv@a                 cstackCOMMON 0070
___fldiv@aexp              cstackBANK0  002C
___fldiv@b                 cstackCOMMON 0074
___fldiv@bexp              cstackBANK0  002B
___fldiv@grs               cstackBANK0  0027
___fldiv@new_exp           cstackBANK0  0025
___fldiv@rem               cstackBANK0  0020
___fldiv@sign              cstackBANK0  0024
___fleq                    text22       1E27
___fleq@ff1                cstackCOMMON 0070
___fleq@ff2                cstackCOMMON 0074
___flge                    text21       0803
___flge@ff1                cstackCOMMON 0070
___flge@ff2                cstackCOMMON 0074
___flmul                   text9        095C
___flmul@a                 cstackBANK0  0024
___flmul@aexp              cstackBANK0  0032
___flmul@b                 cstackBANK0  0020
___flmul@bexp              cstackBANK0  0033
___flmul@grs               cstackBANK0  002E
___flmul@prod              cstackBANK0  0034
___flmul@sign              cstackBANK0  002D
___flmul@temp              cstackBANK0  0038
___flneg                   text20       1CD7
___flneg@f1                cstackCOMMON 0070
___flsub                   text18       1D30
___flsub@a                 cstackBANK0  0062
___flsub@b                 cstackBANK0  0066
___fltol                   text17       1F88
___fltol@exp1              cstackBANK0  0056
___fltol@f1                cstackBANK0  004D
___fltol@sign1             cstackBANK0  0055
___int_sp                  stack        0000
___latbits                 (abs)        0002
___lldiv                   text16       1F22
___lldiv@counter           cstackCOMMON 007D
___lldiv@dividend          cstackCOMMON 0074
___lldiv@divisor           cstackCOMMON 0070
___lldiv@quotient          cstackCOMMON 0079
___llmod                   text15       1E75
___llmod@counter           cstackCOMMON 0079
___llmod@dividend          cstackCOMMON 0074
___llmod@divisor           cstackCOMMON 0070
___lwdiv                   text8        1DE3
___lwdiv@counter           cstackCOMMON 007B
___lwdiv@dividend          cstackCOMMON 0077
___lwdiv@divisor           cstackCOMMON 0075
___lwdiv@quotient          cstackCOMMON 0079
___lwmod                   text7        1DA9
___lwmod@counter           cstackCOMMON 0074
___lwmod@dividend          cstackCOMMON 0072
___lwmod@divisor           cstackCOMMON 0070
___sp                      stack        0000
___stackhi                 (abs)        0000
___stacklo                 (abs)        0000
___wmul                    text14       1D54
___wmul@multiplicand       cstackCOMMON 0072
___wmul@multiplier         cstackCOMMON 0070
___wmul@product            cstackCOMMON 0074
___xxtofl                  text13       002F
___xxtofl@arg              cstackCOMMON 007A
___xxtofl@exp              cstackCOMMON 0079
___xxtofl@sign             cstackCOMMON 0078
___xxtofl@val              cstackCOMMON 0070
__div_to_l_                text12       00E7
__div_to_l_@cntr           cstackBANK0  0024
__div_to_l_@exp1           cstackBANK0  0025
__div_to_l_@f1             cstackCOMMON 0070
__div_to_l_@f2             cstackCOMMON 0074
__div_to_l_@quot           cstackBANK0  0020
__end_of_ADC_Init          text28       1CD7
__end_of_ADC_Read          text27       1DA9
__end_of_UART_TX_Init      text26       1CFD
__end_of_UART_Write        text25       1CEE
__end_of_UART_Write_String text24       1D30
__end_of__Umul8_16         text10       002F
__end_of___awdiv           text4        111E
__end_of___awmod           text3        1F22
__end_of___fladd           text19       1800
__end_of___fldiv           text23       139D
__end_of___fleq            text22       1E75
__end_of___flge            text21       08A5
__end_of___flmul           text9        0CA1
__end_of___flneg           text20       1CE2
__end_of___flsub           text18       1D54
__end_of___fltol           text17       2000
__end_of___lldiv           text16       1F88
__end_of___llmod           text15       1EC9
__end_of___lwdiv           text8        1E27
__end_of___lwmod           text7        1DE3
__end_of___wmul            text14       1D79
__end_of___xxtofl          text13       00E7
__end_of__div_to_l_        text12       019F
__end_of__initialization   cinit        07FC
__end_of__npowers_         strings      106E
__end_of__powers_          strings      103A
__end_of__stringtab        strings      1006
__end_of__tdiv_to_l_       text11       095C
__end_of_dpowers           strings      1096
__end_of_fround            text6        15A8
__end_of_isdigit           text5        1D0F
__end_of_main              maintext     11C8
__end_of_scale             text2        1000
__end_of_sprintf           text1        07F3
__initialization           cinit        07F3
__npowers_                 strings      103A
__pbssBANK3                bssBANK3     0190
__pcstackBANK0             cstackBANK0  0020
__pcstackBANK1             cstackBANK1  00A0
__pcstackCOMMON            cstackCOMMON 0070
__pmaintext                maintext     111E
__pnvBANK1                 nvBANK1      00C0
__powers_                  strings      1006
__pstrings                 strings      1000
__ptext1                   text1        019F
__ptext10                  text10       0008
__ptext11                  text11       08A5
__ptext12                  text12       00E7
__ptext13                  text13       002F
__ptext14                  text14       1D54
__ptext15                  text15       1E75
__ptext16                  text16       1F22
__ptext17                  text17       1F88
__ptext18                  text18       1D30
__ptext19                  text19       15A8
__ptext2                   text2        0CA1
__ptext20                  text20       1CD7
__ptext21                  text21       0803
__ptext22                  text22       1E27
__ptext23                  text23       11C8
__ptext24                  text24       1D0F
__ptext25                  text25       1CE2
__ptext26                  text26       1CEE
__ptext27                  text27       1D79
__ptext28                  text28       1CCE
__ptext3                   text3        1EC9
__ptext4                   text4        10B7
__ptext5                   text5        1CFD
__ptext6                   text6        139D
__ptext7                   text7        1DA9
__ptext8                   text8        1DE3
__ptext9                   text9        095C
__stringbase               strings      1005
__stringtab                strings      1000
__tdiv_to_l_               text11       08A5
__tdiv_to_l_@cntr          cstackBANK0  0024
__tdiv_to_l_@exp1          cstackBANK0  0025
__tdiv_to_l_@f1            cstackCOMMON 0070
__tdiv_to_l_@f2            cstackCOMMON 0074
__tdiv_to_l_@quot          cstackBANK0  0020
_dpowers                   strings      106E
_fround                    text6        139D
_fround$764                cstackBANK0  0049
_fround$765                cstackBANK0  0045
_isdigit                   text5        1CFD
_isdigit$596               cstackCOMMON 0070
_main                      maintext     111E
_scale                     text2        0CA1
_scale$766                 cstackBANK0  0048
_sprintf                   text1        019F
_sprintf$767               cstackBANK1  00A5
btemp                      (abs)        007E
clear_ram0                 clrtext      1CC6
end_of_initialization      cinit        07FC
fround@prec                cstackBANK0  004D
intlevel0                  functab      0000
intlevel1                  functab      0000
intlevel2                  functab      0000
intlevel3                  functab      0000
intlevel4                  functab      0000
intlevel5                  functab      0000
isdigit@c                  cstackCOMMON 0071
reset_vec                  reset_vec    0000
scale@scl                  cstackBANK0  004C
sprintf@ap                 cstackBANK1  00A9
sprintf@c                  cstackBANK1  00BD
sprintf@eexp               cstackBANK1  00B0
sprintf@f                  cstackBANK0  006A
sprintf@flag               cstackBANK1  00AA
sprintf@fval               cstackBANK1  00B9
sprintf@prec               cstackBANK1  00B7
sprintf@sp                 cstackBANK1  00B6
sprintf@tmpval             cstackBANK1  00B2
sprintf@val                cstackBANK1  00AC
start                      init         0000
start_initialization       cinit        07F3
wtemp0                     (abs)        007E


MODULE INFORMATION

Module		Function		Class		Link	Load	Size
C:\Program Files\Microchip\xc8\v2.41\pic\sources\c90\common\sprcmul.c
		___flmul       		CODE           	095C	0000	837

C:\Program Files\Microchip\xc8\v2.41\pic\sources\c90\common\sprcmul.c estimated size: 837

C:\Program Files\Microchip\xc8\v2.41\pic\sources\c90\common\flge.c
		___flge        		CODE           	0803	0000	162

C:\Program Files\Microchip\xc8\v2.41\pic\sources\c90\common\flge.c estimated size: 162

C:\Program Files\Microchip\xc8\v2.41\pic\sources\c90\common\sprcdiv.c
		___fldiv       		CODE           	11C8	0000	469

C:\Program Files\Microchip\xc8\v2.41\pic\sources\c90\common\sprcdiv.c estimated size: 469

C:\Program Files\Microchip\xc8\v2.41\pic\sources\c90\common\ftdivl.c
		__tdiv_to_l_   		CODE           	08A5	0000	183

C:\Program Files\Microchip\xc8\v2.41\pic\sources\c90\common\ftdivl.c estimated size: 183

C:\Program Files\Microchip\xc8\v2.41\pic\sources\c90\common\Umul16.c
		___wmul        		CODE           	1D54	0000	37

C:\Program Files\Microchip\xc8\v2.41\pic\sources\c90\common\Umul16.c estimated size: 37

C:\Program Files\Microchip\xc8\v2.41\pic\sources\c90\common\lwdiv.c
		___lwdiv       		CODE           	1DE3	0000	68

C:\Program Files\Microchip\xc8\v2.41\pic\sources\c90\common\lwdiv.c estimated size: 68

C:\Program Files\Microchip\xc8\v2.41\pic\sources\c90\common\awdiv.c
		___awdiv       		CODE           	10B7	0000	103

C:\Program Files\Microchip\xc8\v2.41\pic\sources\c90\common\awdiv.c estimated size: 103

C:\Program Files\Microchip\xc8\v2.41\pic\sources\c90\common\fltol.c
		___fltol       		CODE           	1F88	0000	120

C:\Program Files\Microchip\xc8\v2.41\pic\sources\c90\common\fltol.c estimated size: 120

C:\Program Files\Microchip\xc8\v2.41\pic\sources\c90\common\__lldiv.c
		___lldiv       		CODE           	1F22	0000	102

C:\Program Files\Microchip\xc8\v2.41\pic\sources\c90\common\__lldiv.c estimated size: 102

C:\Program Files\Microchip\xc8\v2.41\pic\sources\c90\common\isdigit.c
		_isdigit       		CODE           	1CFD	0000	18

C:\Program Files\Microchip\xc8\v2.41\pic\sources\c90\common\isdigit.c estimated size: 18

C:\Program Files\Microchip\xc8\v2.41\pic\sources\c90\common\sprcadd.c
		___flsub       		CODE           	1D30	0000	36
		___fladd       		CODE           	15A8	0000	600

C:\Program Files\Microchip\xc8\v2.41\pic\sources\c90\common\sprcadd.c estimated size: 636

C:\Program Files\Microchip\xc8\v2.41\pic\sources\c90\common\fldivl.c
		__div_to_l_    		CODE           	00E7	0000	184

C:\Program Files\Microchip\xc8\v2.41\pic\sources\c90\common\fldivl.c estimated size: 184

C:\Program Files\Microchip\xc8\v2.41\pic\sources\c90\common\fleq.c
		___fleq        		CODE           	1E27	0000	78

C:\Program Files\Microchip\xc8\v2.41\pic\sources\c90\common\fleq.c estimated size: 78

C:\Program Files\Microchip\xc8\v2.41\pic\sources\c90\common\xxtofl.c
		___xxtofl      		CODE           	002F	0000	184

C:\Program Files\Microchip\xc8\v2.41\pic\sources\c90\common\xxtofl.c estimated size: 184

C:\Program Files\Microchip\xc8\v2.41\pic\sources\c90\common\flneg.c
		___flneg       		CODE           	1CD7	0000	11

C:\Program Files\Microchip\xc8\v2.41\pic\sources\c90\common\flneg.c estimated size: 11

shared
		__stringtab    		STRING         	1000	0000	6
		__powers_      		STRING         	1006	0000	52
		_dpowers       		STRING         	106E	0000	40
		__npowers_     		STRING         	103A	0000	52
		__initialization		CODE           	07F3	0000	9

shared estimated size: 159

C:\Program Files\Microchip\xc8\v2.41\pic\sources\c90\common\Umul8_16.c
		__Umul8_16     		CODE           	0008	0000	39

C:\Program Files\Microchip\xc8\v2.41\pic\sources\c90\common\Umul8_16.c estimated size: 39

TempSensorLM-35_ADC.c
		_UART_Write_String		CODE           	1D0F	0000	33
		_main          		CODE           	111E	0000	170
		_UART_Write    		CODE           	1CE2	0000	12
		_ADC_Read      		CODE           	1D79	0000	48
		_ADC_Init      		CODE           	1CCE	0000	9
		_UART_TX_Init  		CODE           	1CEE	0000	15

TempSensorLM-35_ADC.c estimated size: 287

C:\Program Files\Microchip\xc8\v2.41\pic\sources\c90\common\doprnt.c
		_scale         		CODE           	0CA1	0000	863
		_sprintf       		CODE           	019F	0000	1620
		_fround        		CODE           	139D	0000	523

C:\Program Files\Microchip\xc8\v2.41\pic\sources\c90\common\doprnt.c estimated size: 3006

C:\Program Files\Microchip\xc8\v2.41\pic\sources\c90\common\lwmod.c
		___lwmod       		CODE           	1DA9	0000	58

C:\Program Files\Microchip\xc8\v2.41\pic\sources\c90\common\lwmod.c estimated size: 58

C:\Program Files\Microchip\xc8\v2.41\pic\sources\c90\common\awmod.c
		___awmod       		CODE           	1EC9	0000	89

C:\Program Files\Microchip\xc8\v2.41\pic\sources\c90\common\awmod.c estimated size: 89

C:\Program Files\Microchip\xc8\v2.41\pic\sources\c90\common\llmod.c
		___llmod       		CODE           	1E75	0000	84

C:\Program Files\Microchip\xc8\v2.41\pic\sources\c90\common\llmod.c estimated size: 84

