MPLINK 5.09, LINKER
Linker Map File - Created Mon May 08 10:13:21 2023

                                 Section Info
                  Section       Type    Address   Location Size(Bytes)
                ---------  ---------  ---------  ---------  ---------
                   .org_0       code   0x000000    program   0x000090
                   .cinit    romdata   0x000090    program   0x000002



                              Program Memory Usage 
                               Start         End      
                           ---------   ---------      
                            0x000000    0x000091      
            146 out of 33048 program addresses used, program memory utilization is 0%



                              Symbols - Sorted by Name
                     Name    Address   Location    Storage File                     
                ---------  ---------  ---------  --------- ---------                
                       A1   0x00008a    program     static C:\Users\mfgho\MPLABXProjects\LED display.X\newAsmTemplate.asm
                    AGAIN   0x00004c    program     static C:\Users\mfgho\MPLABXProjects\LED display.X\newAsmTemplate.asm
                       B1   0x00007a    program     static C:\Users\mfgho\MPLABXProjects\LED display.X\newAsmTemplate.asm
                  COMNWRT   0x000050    program     static C:\Users\mfgho\MPLABXProjects\LED display.X\newAsmTemplate.asm
                  DATAWRT   0x000060    program     static C:\Users\mfgho\MPLABXProjects\LED display.X\newAsmTemplate.asm
                    DELAY   0x000080    program     static C:\Users\mfgho\MPLABXProjects\LED display.X\newAsmTemplate.asm
                   LDELAY   0x000070    program     static C:\Users\mfgho\MPLABXProjects\LED display.X\newAsmTemplate.asm



                              Symbols - Sorted by Address
                     Name    Address   Location    Storage File                     
                ---------  ---------  ---------  --------- ---------                
                    AGAIN   0x00004c    program     static C:\Users\mfgho\MPLABXProjects\LED display.X\newAsmTemplate.asm
                  COMNWRT   0x000050    program     static C:\Users\mfgho\MPLABXProjects\LED display.X\newAsmTemplate.asm
                  DATAWRT   0x000060    program     static C:\Users\mfgho\MPLABXProjects\LED display.X\newAsmTemplate.asm
                   LDELAY   0x000070    program     static C:\Users\mfgho\MPLABXProjects\LED display.X\newAsmTemplate.asm
                       B1   0x00007a    program     static C:\Users\mfgho\MPLABXProjects\LED display.X\newAsmTemplate.asm
                    DELAY   0x000080    program     static C:\Users\mfgho\MPLABXProjects\LED display.X\newAsmTemplate.asm
                       A1   0x00008a    program     static C:\Users\mfgho\MPLABXProjects\LED display.X\newAsmTemplate.asm


